ASxxxx Linker V02.00 + NoICE + sdld,  page 1.
Hexadecimal  [32-Bits]

Area                                    Addr        Size        Decimal Bytes (Attributes)
--------------------------------        ----        ----        ------- ----- ------------
.	.ABS.                             00000000    00000000 =           0. bytes (ABS,CON)

      Value  Global                              Global Defined In Module
      -----  --------------------------------   ------------------------
           00000000  .__.ABS.                           
           00000000  l__CABS                         
           00000000  l__HEADER                       
           00000000  l__HEAP                         
           00000000  l__HOME                         
           00000000  l__OVERLAY                      
           00000000  s__HEADER                       
           00000000  s__HEADER0                      
           00000001  l__GSFINAL                      
           000000CB  l__DATA                         
           000000D1  l__HEADER0                      
           00000100  l__BSS                          
           00000200  s__CODE                         
           000002F1  l__GSINIT                       
           00001C0E  l__CODE                         
           00001E0E  s__GSINIT                       
           00001E0E  s__HOME                         
           000020FF  s__GSFINAL                      
           00005B00  s__DATA                         
           00005BCB  s__BSS                          
           00005CCB  s__CABS                         
           00005CCB  s__HEAP                         
           00005CCB  s__OVERLAY                      

ASxxxx Linker V02.00 + NoICE + sdld,  page 2.
Hexadecimal  [32-Bits]

Area                                    Addr        Size        Decimal Bytes (Attributes)
--------------------------------        ----        ----        ------- ----- ------------
_CODE                               00000200    00001C0E =        7182. bytes (REL,CON)

      Value  Global                              Global Defined In Module
      -----  --------------------------------   ------------------------
           00000200  _strcmp                            util
           00000200  _strcmp_start                      util
           0000023B  _executive                         ukernel
           0000023B  _executive_start                   ukernel
           0000023B  _strcmp_end                        util
           0000023E  _executive_end                     ukernel
           0000023E  _supervisor                        ukernel
           0000023E  _supervisor_start                  ukernel
           00000240  _shell                             ukernel
           00000240  _shell_start                       ukernel
           00000240  _supervisor_end                    ukernel
           00000439  _shell_end                         ukernel
           0000046B  _main                              ukernel
           0000046B  _main_start                        ukernel
           000004CE  _dbg_cls                           debug
           000004CE  _dbg_cls_start                     debug
           000004CE  _main_end                          ukernel
           000004E6  _dbg_cls_end                       debug
           000004E6  _dbg_putc_xy                       debug
           000004E6  _dbg_putc_xy_start                 debug
           0000053A  _dbg_putc_xy_end                   debug
           0000053A  _dbg_scroll                        debug
           0000053A  _dbg_scroll_start                  debug
           00000573  _dbg_say                           debug
           00000573  _dbg_say_start                     debug
           00000573  _dbg_scroll_end                    debug
           000005F6  _dbg_say_end                       debug
           000005F6  _dbg_wtox                          debug
           000005F6  _dbg_wtox_start                    debug
           00000710  _dbg_memdump                       debug
           00000710  _dbg_memdump_start                 debug
           00000710  _dbg_wtox_end                      debug
           00000921  _dbg_memdump_end                   debug
           0000098F  _dbg_taskdump                      debug
           0000098F  _dbg_taskdump_start                debug
           00000AB5  _dbg_taskdump_end                  debug
           00000B01  _dbg_timerdump                     debug
           00000B01  _dbg_timerdump_start               debug
           00000C3B  _dbg_timerdump_end                 debug
           00000C74  _dbg_eventdump                     debug
           00000C74  _dbg_eventdump_start               debug
           00000D68  _dbg_eventdump_end                 debug
           00000DAE  sysfont8x8                         sysfont
           000010D6  _lst_insert                        list
           000010D6  _lst_insert_start                  list
           0000112D  _lst_delete                        list
           0000112D  _lst_delete_start                  list
           0000112D  _lst_insert_end                    list
           000011CF  _lst_delete_end                    list
           000011CF  _lst_match                         list
ASxxxx Linker V02.00 + NoICE + sdld,  page 3.
Hexadecimal  [32-Bits]

Area                                    Addr        Size        Decimal Bytes (Attributes)
--------------------------------        ----        ----        ------- ----- ------------
_CODE                               00000200    00001C0E =        7182. bytes (REL,CON)

      Value  Global                              Global Defined In Module
      -----  --------------------------------   ------------------------
           000011CF  _lst_match_start                   list
           00001228  _lst_find                          list
           00001228  _lst_find_start                    list
           00001228  _lst_match_end                     list
           0000127F  _find_block                        memory
           0000127F  _find_block_start                  memory
           0000127F  _lst_find_end                      list
           000012C6  _find_block_end                    memory
           000012C6  _sbrk                              memory
           000012C6  _sbrk_start                        memory
           000012FF  _brk                               memory
           000012FF  _brk_start                         memory
           000012FF  _sbrk_end                          memory
           0000131A  _brk_end                           memory
           0000131A  _split                             memory
           0000131A  _split_start                       memory
           000013F7  _merge_with_next                   memory
           000013F7  _merge_with_next_start             memory
           000013F7  _split_end                         memory
           0000147C  _mem_init                          memory
           0000147C  _mem_init_start                    memory
           0000147C  _merge_with_next_end               memory
           0000148A  _mem_allocate                      memory
           0000148A  _mem_allocate_start                memory
           0000148A  _mem_init_end                      memory
           00001597  _mem_allocate_end                  memory
           00001597  _mem_free                          memory
           00001597  _mem_free_start                    memory
           0000162E  _mem_free_end                      memory
           0000162E  _tsk_create                        task
           0000162E  _tsk_create_start                  task
           000016E5  _tsk_create_end                    task
           000016E5  _tsk_wait4events                   task
           000016E5  _tsk_wait4events_start             task
           00001753  _tsk_roundrobin                    task
           00001753  _tsk_roundrobin_start              task
           00001753  _tsk_wait4events_end               task
           0000186D  _tsk_roundrobin_end                task
           0000186D  _tsk_switch                        task
           0000186D  _tsk_switch_start                  task
           000018D1  _tmr_install                       timer
           000018D1  _tmr_install_start                 timer
           000018D1  _tsk_switch_end                    task
           00001927  _tmr_install_end                   timer
           00001927  _tmr_uninstall                     timer
           00001927  _tmr_uninstall_start               timer
           00001951  _tmr_chain                         timer
           00001951  _tmr_chain_start                   timer
           00001951  _tmr_uninstall_end                 timer
           00001A0F  _evt_create                        event
           00001A0F  _evt_create_start                  event
ASxxxx Linker V02.00 + NoICE + sdld,  page 4.
Hexadecimal  [32-Bits]

Area                                    Addr        Size        Decimal Bytes (Attributes)
--------------------------------        ----        ----        ------- ----- ------------
_CODE                               00000200    00001C0E =        7182. bytes (REL,CON)

      Value  Global                              Global Defined In Module
      -----  --------------------------------   ------------------------
           00001A0F  _tmr_chain_end                     timer
           00001A3E  _evt_create_end                    event
           00001A3E  _evt_destroy                       event
           00001A3E  _evt_destroy_start                 event
           00001A68  _evt_destroy_end                   event
           00001A68  _evt_set                           event
           00001A68  _evt_set_start                     event
           00001AAC  _drv_register                      driver
           00001AAC  _drv_register_start                driver
           00001AAC  _evt_set_end                       event
           00001B61  _drv_query                         driver
           00001B61  _drv_query_start                   driver
           00001B61  _drv_register_end                  driver
           00001BAF  _drv_query_end                     driver
           00001BAF  _kbd_open                          keyboard
           00001BAF  _kbd_open_start                    keyboard
           00001C23  _kbd_close                         keyboard
           00001C23  _kbd_close_start                   keyboard
           00001C23  _kbd_open_end                      keyboard
           00001C5E  _kbd_close_end                     keyboard
           00001C5E  _kbd_read_async                    keyboard
           00001C5E  _kbd_read_async_start              keyboard
           00001CD5  _kbd_read_async_end                keyboard
           00001CD5  _kbd_timer_hook                    keyboard
           00001CD5  _kbd_timer_hook_start              keyboard
           00001D23  _kbd_get_key                       keyboard
           00001D23  _kbd_get_key_start                 keyboard
           00001D23  _kbd_timer_hook_end                keyboard
           00001D48  _kbd_get_key_end                   keyboard
           00001D48  _kbd_scan                          keyboard
           00001D48  _kbd_scan_start                    keyboard
           00001E0D  __sdcc_call_hl                     
           00001E0D  _kbd_scan_end                      keyboard

ASxxxx Linker V02.00 + NoICE + sdld,  page 5.
Hexadecimal  [32-Bits]

Area                                    Addr        Size        Decimal Bytes (Attributes)
--------------------------------        ----        ----        ------- ----- ------------
_HEADER0                            00000000    000000D1 =         209. bytes (ABS,CON)

      Value  Global                              Global Defined In Module
      -----  --------------------------------   ------------------------
           00000092  _di                                crt0
           00000098  _ei                                crt0
           000000A5  _set_vector                        crt0
           000000CD  _get_heap                          crt0

ASxxxx Linker V02.00 + NoICE + sdld,  page 6.
Hexadecimal  [32-Bits]

Area                                    Addr        Size        Decimal Bytes (Attributes)
--------------------------------        ----        ----        ------- ----- ------------
_GSINIT                             00001E0E    000002F1 =         753. bytes (REL,CON)

      Value  Global                              Global Defined In Module
      -----  --------------------------------   ------------------------
ASxxxx Linker V02.00 + NoICE + sdld,  page 7.
Hexadecimal  [32-Bits]

Area                                    Addr        Size        Decimal Bytes (Attributes)
--------------------------------        ----        ----        ------- ----- ------------
_GSFINAL                            000020FF    00000001 =           1. bytes (REL,CON)

      Value  Global                              Global Defined In Module
      -----  --------------------------------   ------------------------
ASxxxx Linker V02.00 + NoICE + sdld,  page 8.
Hexadecimal  [32-Bits]

Area                                    Addr        Size        Decimal Bytes (Attributes)
--------------------------------        ----        ----        ------- ----- ------------
_DATA                               00005B00    000000CB =         203. bytes (REL,CON)

      Value  Global                              Global Defined In Module
      -----  --------------------------------   ------------------------
           00005B19  _last_error                        errors
           00005B1A  _x                                 debug
           00005B1B  _y                                 debug
           00005B1C  _brk_addr                          memory
           00005B1E  _mem_first                         memory
           00005B20  _mem_last                          memory
           00005B22  _tsk_current                       task
           00005B24  _tsk_first_running                 task
           00005B26  _tsk_first_waiting                 task
           00005B28  _tmr_first                         timer
           00005B2A  _evt_first                         event
           00005B2C  _drv_first                         driver
           00005B2E  _kbd_exclusive_handle              keyboard
           00005B30  _kbd_buffer                        keyboard
           00005B50  _kbd_buff_head                     keyboard
           00005B51  _kbd_buff_tail                     keyboard
           00005B52  _kbd_lastkey                       keyboard
           00005B53  _kbd_map                           keyboard
           00005B7B  _caps_kbd_map                      keyboard
           00005BA3  _sym_kbd_map                       keyboard

ASxxxx Linker V02.00 + NoICE + sdld,  page 9.
Hexadecimal  [32-Bits]

Area                                    Addr        Size        Decimal Bytes (Attributes)
--------------------------------        ----        ----        ------- ----- ------------
_BSS                                00005BCB    00000100 =         256. bytes (REL,CON)

      Value  Global                              Global Defined In Module
      -----  --------------------------------   ------------------------
ASxxxx Linker V02.00 + NoICE + sdld,  page 10.

Files Linked                              [ module(s) ]

crt0.rel                                  [ crt0 ]
errors.rel                                [ errors ]
util.rel                                  [ util ]
ukernel.rel                               [ ukernel ]
debug.rel                                 [ debug ]
sysfont.rel                               [ sysfont ]
list.rel                                  [ list ]
memory.rel                                [ memory ]
task.rel                                  [ task ]
timer.rel                                 [ timer ]
event.rel                                 [ event ]
driver.rel                                [ driver ]
keyboard.rel                              [ keyboard ]


Libraries Linked                          [ object file ]

/usr/bin/../share/sdcc/lib/z80/z80.lib    [ crtcall.rel ]

ASxxxx Linker V02.00 + NoICE + sdld,  page 11.

User Base Address Definitions

_CODE = 0x0200
_DATA = 0x5b00

